[    0.000000] Linux version 4.15.0-135-generic (buildd@lgw01-amd64-005) (gcc version 7.5.0 (Ubuntu 7.5.0-3ubuntu1~18.04)) #139-Ubuntu SMP Mon Jan 18 17:38:24 UTC 2021 (Ubuntu 4.15.0-135.139-generic 4.15.18)
[    0.000000] Command line: BOOT_IMAGE=/boot/vmlinuz-4.15.0-135-generic root=LABEL=cloudimg-rootfs ro console=tty1 console=ttyS0
[    0.000000] KERNEL supported cpus:
[    0.000000]   Intel GenuineIntel
[    0.000000]   AMD AuthenticAMD
[    0.000000]   Centaur CentaurHauls
[    0.000000] x86/fpu: Supporting XSAVE feature 0x001: 'x87 floating point registers'
[    0.000000] x86/fpu: Supporting XSAVE feature 0x002: 'SSE registers'
[    0.000000] x86/fpu: Supporting XSAVE feature 0x004: 'AVX registers'
[    0.000000] x86/fpu: xstate_offset[2]:  576, xstate_sizes[2]:  256
[    0.000000] x86/fpu: Enabled xstate features 0x7, context size is 832 bytes, using 'standard' format.
[    0.000000] e820: BIOS-provided physical RAM map:
[    0.000000] BIOS-e820: [mem 0x0000000000000000-0x000000000009fbff] usable
[    0.000000] BIOS-e820: [mem 0x000000000009fc00-0x000000000009ffff] reserved
[    0.000000] BIOS-e820: [mem 0x00000000000f0000-0x00000000000fffff] reserved
[    0.000000] BIOS-e820: [mem 0x0000000000100000-0x000000007ffeffff] usable
[    0.000000] BIOS-e820: [mem 0x000000007fff0000-0x000000007fffffff] ACPI data
[    0.000000] BIOS-e820: [mem 0x00000000fec00000-0x00000000fec00fff] reserved
[    0.000000] BIOS-e820: [mem 0x00000000fee00000-0x00000000fee00fff] reserved
[    0.000000] BIOS-e820: [mem 0x00000000fffc0000-0x00000000ffffffff] reserved
[    0.000000] NX (Execute Disable) protection: active
[    0.000000] SMBIOS 2.5 present.
[    0.000000] DMI: innotek GmbH VirtualBox/VirtualBox, BIOS VirtualBox 12/01/2006
[    0.000000] Hypervisor detected: KVM
[    0.000000] e820: last_pfn = 0x7fff0 max_arch_pfn = 0x400000000
[    0.000000] MTRR: Disabled
[    0.000000] x86/PAT: MTRRs disabled, skipping PAT initialization too.
[    0.000000] CPU MTRRs all blank - virtualized system.
[    0.000000] x86/PAT: Configuration [0-7]: WB  WT  UC- UC  WB  WT  UC- UC  
[    0.000000] found SMP MP-table at [mem 0x0009fff0-0x0009ffff]
[    0.000000] Scanning 1 areas for low memory corruption
[    0.000000] RAMDISK: [mem 0x35a63000-0x36d28fff]
[    0.000000] ACPI: Early table checksum verification disabled
[    0.000000] ACPI: RSDP 0x00000000000E0000 000024 (v02 VBOX  )
[    0.000000] ACPI: XSDT 0x000000007FFF0030 00003C (v01 VBOX   VBOXXSDT 00000001 ASL  00000061)
[    0.000000] ACPI: FACP 0x000000007FFF00F0 0000F4 (v04 VBOX   VBOXFACP 00000001 ASL  00000061)
[    0.000000] ACPI: DSDT 0x000000007FFF0470 002325 (v02 VBOX   VBOXBIOS 00000002 INTL 20120111)
[    0.000000] ACPI: FACS 0x000000007FFF0200 000040
[    0.000000] ACPI: FACS 0x000000007FFF0200 000040
[    0.000000] ACPI: APIC 0x000000007FFF0240 00005C (v02 VBOX   VBOXAPIC 00000001 ASL  00000061)
[    0.000000] ACPI: SSDT 0x000000007FFF02A0 0001CC (v01 VBOX   VBOXCPUT 00000002 INTL 20120111)
[    0.000000] No NUMA configuration found
[    0.000000] Faking a node at [mem 0x0000000000000000-0x000000007ffeffff]
[    0.000000] NODE_DATA(0) allocated [mem 0x7ffc5000-0x7ffeffff]
[    0.000000] kvm-clock: cpu 0, msr 0:7ff44001, primary cpu clock
[    0.000000] kvm-clock: Using msrs 4b564d01 and 4b564d00
[    0.000000] kvm-clock: using sched offset of 3671138810 cycles
[    0.000000] clocksource: kvm-clock: mask: 0xffffffffffffffff max_cycles: 0x1cd42e4dffb, max_idle_ns: 881590591483 ns
[    0.000000] Zone ranges:
[    0.000000]   DMA      [mem 0x0000000000001000-0x0000000000ffffff]
[    0.000000]   DMA32    [mem 0x0000000001000000-0x000000007ffeffff]
[    0.000000]   Normal   empty
[    0.000000]   Device   empty
[    0.000000] Movable zone start for each node
[    0.000000] Early memory node ranges
[    0.000000]   node   0: [mem 0x0000000000001000-0x000000000009efff]
[    0.000000]   node   0: [mem 0x0000000000100000-0x000000007ffeffff]
[    0.000000] Reserved but unavailable: 98 pages
[    0.000000] Initmem setup node 0 [mem 0x0000000000001000-0x000000007ffeffff]
[    0.000000] ACPI: PM-Timer IO Port: 0x4008
[    0.000000] IOAPIC[0]: apic_id 2, version 32, address 0xfec00000, GSI 0-23
[    0.000000] ACPI: INT_SRC_OVR (bus 0 bus_irq 0 global_irq 2 dfl dfl)
[    0.000000] ACPI: INT_SRC_OVR (bus 0 bus_irq 9 global_irq 9 low level)
[    0.000000] Using ACPI (MADT) for SMP configuration information
[    0.000000] smpboot: Allowing 2 CPUs, 0 hotplug CPUs
[    0.000000] PM: Registered nosave memory: [mem 0x00000000-0x00000fff]
[    0.000000] PM: Registered nosave memory: [mem 0x0009f000-0x0009ffff]
[    0.000000] PM: Registered nosave memory: [mem 0x000a0000-0x000effff]
[    0.000000] PM: Registered nosave memory: [mem 0x000f0000-0x000fffff]
[    0.000000] e820: [mem 0x80000000-0xfebfffff] available for PCI devices
[    0.000000] Booting paravirtualized kernel on KVM
[    0.000000] clocksource: refined-jiffies: mask: 0xffffffff max_cycles: 0xffffffff, max_idle_ns: 7645519600211568 ns
[    0.000000] random: get_random_bytes called from start_kernel+0x99/0x500 with crng_init=0
[    0.000000] setup_percpu: NR_CPUS:8192 nr_cpumask_bits:2 nr_cpu_ids:2 nr_node_ids:1
[    0.000000] percpu: Embedded 45 pages/cpu s147456 r8192 d28672 u1048576
[    0.000000] PV qspinlock hash table entries: 256 (order: 0, 4096 bytes)
[    0.000000] Built 1 zonelists, mobility grouping on.  Total pages: 515961
[    0.000000] Policy zone: DMA32
[    0.000000] Kernel command line: BOOT_IMAGE=/boot/vmlinuz-4.15.0-135-generic root=LABEL=cloudimg-rootfs ro console=tty1 console=ttyS0
[    0.000000] Memory: 2015212K/2096696K available (12300K kernel code, 2482K rwdata, 4276K rodata, 2440K init, 2724K bss, 81484K reserved, 0K cma-reserved)
[    0.000000] SLUB: HWalign=64, Order=0-3, MinObjects=0, CPUs=2, Nodes=1
[    0.000000] Kernel/User page tables isolation: enabled
[    0.000000] ftrace: allocating 39422 entries in 154 pages
[    0.004000] Hierarchical RCU implementation.
[    0.004000] 	RCU restricting CPUs from NR_CPUS=8192 to nr_cpu_ids=2.
[    0.004000] 	Tasks RCU enabled.
[    0.004000] RCU: Adjusting geometry for rcu_fanout_leaf=16, nr_cpu_ids=2
[    0.004000] NR_IRQS: 524544, nr_irqs: 440, preallocated irqs: 16
[    0.004000] Console: colour VGA+ 80x25
[    0.004000] console [tty1] enabled
[    0.004000] console [ttyS0] enabled
[    0.004000] ACPI: Core revision 20170831
[    0.004000] ACPI: 2 ACPI AML tables successfully acquired and loaded
[    0.004000] APIC: Switch to symmetric I/O mode setup
[    0.004000] x2apic enabled
[    0.004000] Switched APIC routing to physical x2apic.
[    0.004000] ..TIMER: vector=0x30 apic1=0 pin1=2 apic2=-1 pin2=-1
[    0.004002] tsc: Detected 2400.000 MHz processor
[    0.004737] Calibrating delay loop (skipped) preset value.. 4800.00 BogoMIPS (lpj=9600000)
[    0.005295] pid_max: default: 32768 minimum: 301
[    0.006044] Security Framework initialized
[    0.006702] Yama: becoming mindful.
[    0.008013] AppArmor: AppArmor initialized
[    0.009579] Dentry cache hash table entries: 262144 (order: 9, 2097152 bytes)
[    0.011837] Inode-cache hash table entries: 131072 (order: 8, 1048576 bytes)
[    0.012008] Mount-cache hash table entries: 4096 (order: 3, 32768 bytes)
[    0.013047] Mountpoint-cache hash table entries: 4096 (order: 3, 32768 bytes)
[    0.014418] Last level iTLB entries: 4KB 64, 2MB 8, 4MB 8
[    0.016001] Last level dTLB entries: 4KB 64, 2MB 0, 4MB 0, 1GB 4
[    0.016924] Spectre V1 : Mitigation: usercopy/swapgs barriers and __user pointer sanitization
[    0.018238] Spectre V2 : Mitigation: Full generic retpoline
[    0.019334] Spectre V2 : Spectre v2 / SpectreRSB mitigation: Filling RSB on context switch
[    0.020001] Speculative Store Bypass: Vulnerable
[    0.020758] SRBDS: Unknown: Dependent on hypervisor status
[    0.021839] MDS: Mitigation: Clear CPU buffers
[    0.024112] Freeing SMP alternatives memory: 36K
[    0.136055] smpboot: CPU0: Intel(R) Core(TM) i9-9980HK CPU @ 2.40GHz (family: 0x6, model: 0x9e, stepping: 0xd)
[    0.138886] Performance Events: unsupported p6 CPU model 158 no PMU driver, software events only.
[    0.140000] Hierarchical SRCU implementation.
[    0.140938] NMI watchdog: Perf event create on CPU 0 failed with -2
[    0.144002] NMI watchdog: Perf NMI watchdog permanently disabled
[    0.145912] smp: Bringing up secondary CPUs ...
[    0.146836] x86: Booting SMP configuration:
[    0.148002] .... node  #0, CPUs:      #1
[    0.004000] kvm-clock: cpu 1, msr 0:7ff44041, secondary cpu clock
[    0.152012] smp: Brought up 1 node, 2 CPUs
[    0.152822] smpboot: Max logical packages: 1
[    0.153506] smpboot: Total of 2 processors activated (9600.00 BogoMIPS)
[    0.154615] devtmpfs: initialized
[    0.154615] x86/mm: Memory block size: 128MB
[    0.156127] evm: security.selinux
[    0.157344] evm: security.SMACK64
[    0.158498] evm: security.SMACK64EXEC
[    0.159202] evm: security.SMACK64TRANSMUTE
[    0.160001] evm: security.SMACK64MMAP
[    0.160613] evm: security.apparmor
[    0.161272] evm: security.ima
[    0.161775] evm: security.capability
[    0.162491] clocksource: jiffies: mask: 0xffffffff max_cycles: 0xffffffff, max_idle_ns: 7645041785100000 ns
[    0.164005] futex hash table entries: 512 (order: 3, 32768 bytes)
[    0.164988] pinctrl core: initialized pinctrl subsystem
[    0.165873] RTC time: 22:44:41, date: 02/15/21
[    0.166662] NET: Registered protocol family 16
[    0.167416] audit: initializing netlink subsys (disabled)
[    0.168016] audit: type=2000 audit(1613429086.204:1): state=initialized audit_enabled=0 res=1
[    0.169374] cpuidle: using governor ladder
[    0.172004] cpuidle: using governor menu
[    0.173218] ACPI: bus type PCI registered
[    0.174032] acpiphp: ACPI Hot Plug PCI Controller Driver version: 0.5
[    0.175098] PCI: Using configuration type 1 for base access
[    0.176824] HugeTLB registered 2.00 MiB page size, pre-allocated 0 pages
[    0.177181] ACPI: Added _OSI(Module Device)
[    0.180004] ACPI: Added _OSI(Processor Device)
[    0.180739] ACPI: Added _OSI(3.0 _SCP Extensions)
[    0.181522] ACPI: Added _OSI(Processor Aggregator Device)
[    0.182365] ACPI: Added _OSI(Linux-Dell-Video)
[    0.183070] ACPI: Added _OSI(Linux-Lenovo-NV-HDMI-Audio)
[    0.183901] ACPI: Added _OSI(Linux-HPI-Hybrid-Graphics)
[    0.184292] ACPI: Executed 1 blocks of module-level executable AML code
[    0.188266] ACPI: Interpreter enabled
[    0.189512] ACPI: (supports S0 S5)
[    0.190619] ACPI: Using IOAPIC for interrupt routing
[    0.192000] PCI: Using host bridge windows from ACPI; if necessary, use "pci=nocrs" and report a bug
[    0.192156] ACPI: Enabled 2 GPEs in block 00 to 07
[    0.199258] ACPI: PCI Root Bridge [PCI0] (domain 0000 [bus 00-ff])
[    0.200005] acpi PNP0A03:00: _OSC: OS supports [ASPM ClockPM Segments MSI]
[    0.201715] acpi PNP0A03:00: _OSC: not requesting OS control; OS requires [ExtendedConfig ASPM ClockPM MSI]
[    0.203226] acpi PNP0A03:00: fail to add MMCONFIG information, can't access extended PCI configuration space under this bridge.
[    0.204384] PCI host bridge to bus 0000:00
[    0.205044] pci_bus 0000:00: root bus resource [io  0x0000-0x0cf7 window]
[    0.206093] pci_bus 0000:00: root bus resource [io  0x0d00-0xffff window]
[    0.208002] pci_bus 0000:00: root bus resource [mem 0x000a0000-0x000bffff window]
[    0.209209] pci_bus 0000:00: root bus resource [mem 0x80000000-0xfdffffff window]
[    0.210395] pci_bus 0000:00: root bus resource [bus 00-ff]
[    0.214144] pci 0000:00:01.1: legacy IDE quirk: reg 0x10: [io  0x01f0-0x01f7]
[    0.216002] pci 0000:00:01.1: legacy IDE quirk: reg 0x14: [io  0x03f6]
[    0.217184] pci 0000:00:01.1: legacy IDE quirk: reg 0x18: [io  0x0170-0x0177]
[    0.218687] pci 0000:00:01.1: legacy IDE quirk: reg 0x1c: [io  0x0376]
[    0.231679] pci 0000:00:07.0: quirk: [io  0x4000-0x403f] claimed by PIIX4 ACPI
[    0.232016] pci 0000:00:07.0: quirk: [io  0x4100-0x410f] claimed by PIIX4 SMB
[    0.239244] ACPI: PCI Interrupt Link [LNKA] (IRQs 5 9 10 *11)
[    0.240241] ACPI: PCI Interrupt Link [LNKB] (IRQs 5 9 *10 11)
[    0.241614] ACPI: PCI Interrupt Link [LNKC] (IRQs 5 *9 10 11)
[    0.242646] ACPI: PCI Interrupt Link [LNKD] (IRQs 5 9 10 *11)
[    0.244222] SCSI subsystem initialized
[    0.244886] pci 0000:00:02.0: vgaarb: setting as boot VGA device
[    0.244992] pci 0000:00:02.0: vgaarb: VGA device added: decodes=io+mem,owns=io+mem,locks=none
[    0.246377] pci 0000:00:02.0: vgaarb: bridge control possible
[    0.248005] vgaarb: loaded
[    0.248494] ACPI: bus type USB registered
[    0.249228] usbcore: registered new interface driver usbfs
[    0.250613] usbcore: registered new interface driver hub
[    0.251554] usbcore: registered new device driver usb
[    0.252038] EDAC MC: Ver: 3.0.0
[    0.252776] PCI: Using ACPI for IRQ routing
[    0.253090] NetLabel: Initializing
[    0.256005] NetLabel:  domain hash size = 128
[    0.257100] NetLabel:  protocols = UNLABELED CIPSOv4 CALIPSO
[    0.258025] NetLabel:  unlabeled traffic allowed by default
[    0.258996] clocksource: Switched to clocksource kvm-clock
[    0.267261] VFS: Disk quotas dquot_6.6.0
[    0.269007] VFS: Dquot-cache hash table entries: 512 (order 0, 4096 bytes)
[    0.270552] AppArmor: AppArmor Filesystem Enabled
[    0.271493] pnp: PnP ACPI init
[    0.273308] pnp: PnP ACPI: found 3 devices
[    0.282275] clocksource: acpi_pm: mask: 0xffffff max_cycles: 0xffffff, max_idle_ns: 2085701024 ns
[    0.284448] NET: Registered protocol family 2
[    0.285267] TCP established hash table entries: 16384 (order: 5, 131072 bytes)
[    0.286525] TCP bind hash table entries: 16384 (order: 6, 262144 bytes)
[    0.288049] TCP: Hash tables configured (established 16384 bind 16384)
[    0.290925] UDP hash table entries: 1024 (order: 3, 32768 bytes)
[    0.291949] UDP-Lite hash table entries: 1024 (order: 3, 32768 bytes)
[    0.293124] NET: Registered protocol family 1
[    0.293855] pci 0000:00:00.0: Limiting direct PCI/PCI transfers
[    0.294837] pci 0000:00:01.0: Activating ISA DMA hang workarounds
[    0.295874] pci 0000:00:02.0: Video device with shadowed ROM at [mem 0x000c0000-0x000dffff]
[    0.297343] Unpacking initramfs...
[    0.518436] Freeing initrd memory: 19224K
[    0.519627] clocksource: tsc: mask: 0xffffffffffffffff max_cycles: 0x22983777dd9, max_idle_ns: 440795300422 ns
[    0.521653] platform rtc_cmos: registered platform RTC device (no PNP device found)
[    0.522917] Scanning for low memory corruption every 60 seconds
[    0.524407] Initialise system trusted keyrings
[    0.525296] Key type blacklist registered
[    0.526015] workingset: timestamp_bits=36 max_order=19 bucket_order=0
[    0.528338] zbud: loaded
[    0.529092] squashfs: version 4.0 (2009/01/31) Phillip Lougher
[    0.530683] fuse init (API version 7.26)
[    0.533527] Key type asymmetric registered
[    0.534202] Asymmetric key parser 'x509' registered
[    0.535005] Block layer SCSI generic (bsg) driver version 0.4 loaded (major 246)
[    0.536634] io scheduler noop registered
[    0.537746] io scheduler deadline registered
[    0.538757] io scheduler cfq registered (default)
[    0.539861] ACPI: AC Adapter [AC] (on-line)
[    0.540612] input: Power Button as /devices/LNXSYSTM:00/LNXPWRBN:00/input/input0
[    0.541829] ACPI: Power Button [PWRF]
[    0.542491] input: Sleep Button as /devices/LNXSYSTM:00/LNXSLPBN:00/input/input1
[    0.543680] ACPI: Sleep Button [SLPF]
[    0.545518] ACPI: Battery Slot [BAT0] (battery present)
[    0.546790] Serial: 8250/16550 driver, 32 ports, IRQ sharing enabled
[    0.568603] 00:02: ttyS0 at I/O 0x3f8 (irq = 4, base_baud = 115200) is a 16550A
[    0.572112] Linux agpgart interface v0.103
[    0.578262] loop: module loaded
[    0.579697] scsi host0: ata_piix
[    0.580388] scsi host1: ata_piix
[    0.580937] ata1: PATA max UDMA/33 cmd 0x1f0 ctl 0x3f6 bmdma 0xd000 irq 14
[    0.582000] ata2: PATA max UDMA/33 cmd 0x170 ctl 0x376 bmdma 0xd008 irq 15
[    0.583323] libphy: Fixed MDIO Bus: probed
[    0.583996] tun: Universal TUN/TAP device driver, 1.6
[    0.584861] PPP generic driver version 2.4.2
[    0.585584] ehci_hcd: USB 2.0 'Enhanced' Host Controller (EHCI) Driver
[    0.586702] ehci-pci: EHCI PCI platform driver
[    0.587923] ehci-platform: EHCI generic platform driver
[    0.588800] ohci_hcd: USB 1.1 'Open' Host Controller (OHCI) Driver
[    0.589784] ohci-pci: OHCI PCI platform driver
[    0.590504] ohci-platform: OHCI generic platform driver
[    0.591339] uhci_hcd: USB Universal Host Controller Interface driver
[    0.592390] i8042: PNP: PS/2 Controller [PNP0303:PS2K,PNP0f03:PS2M] at 0x60,0x64 irq 1,12
[    0.594072] serio: i8042 KBD port at 0x60,0x64 irq 1
[    0.594883] serio: i8042 AUX port at 0x60,0x64 irq 12
[    0.595838] mousedev: PS/2 mouse device common for all mice
[    0.597227] rtc_cmos rtc_cmos: rtc core: registered rtc_cmos as rtc0
[    0.598612] rtc_cmos rtc_cmos: alarms up to one day, 114 bytes nvram
[    0.599909] input: AT Translated Set 2 keyboard as /devices/platform/i8042/serio0/input/input2
[    0.601414] i2c /dev entries driver
[    0.602103] device-mapper: uevent: version 1.0.3
[    0.602962] device-mapper: ioctl: 4.37.0-ioctl (2017-09-20) initialised: dm-devel@redhat.com
[    0.605230] ledtrig-cpu: registered to indicate activity on CPUs
[    0.606540] NET: Registered protocol family 10
[    0.609739] Segment Routing with IPv6
[    0.610353] NET: Registered protocol family 17
[    0.611103] Key type dns_resolver registered
[    0.611903] mce: Using 0 MCE banks
[    0.612516] RAS: Correctable Errors collector initialized.
[    0.613383] sched_clock: Marking stable (612502964, 0)->(772389967, -159887003)
[    0.615672] registered taskstats version 1
[    0.616364] Loading compiled-in X.509 certificates
[    0.618949] Loaded X.509 cert 'Build time autogenerated kernel key: 399a566a2ea98257ce6f7132c633527e9761cd56'
[    0.620644] zswap: loaded using pool lzo/zbud
[    0.624056] Key type big_key registered
[    0.624822] Key type trusted registered
[    0.626711] Key type encrypted registered
[    0.627674] AppArmor: AppArmor sha1 policy hashing enabled
[    0.628827] ima: No TPM chip found, activating TPM-bypass! (rc=-19)
[    0.629802] ima: Allocated hash algorithm: sha1
[    0.630924] evm: HMAC attrs: 0x1
[    0.632540]   Magic number: 9:122:755
[    0.633564] tty ttyS6: hash matches
[    0.634206] rtc_cmos rtc_cmos: setting system clock to 2021-02-15 22:44:41 UTC (1613429081)
[    0.635960] BIOS EDD facility v0.16 2004-Jun-25, 0 devices found
[    0.637637] EDD information not available.
[    0.815066] Freeing unused kernel image memory: 2440K
[    1.068297] Write protecting the kernel read-only data: 20480k
[    1.070239] Freeing unused kernel image memory: 2008K
[    1.071419] Freeing unused kernel image memory: 1868K
[    1.078514] x86/mm: Checked W+X mappings: passed, no W+X pages found.
[    1.079869] x86/mm: Checking user space page tables
[    1.086294] x86/mm: Checked W+X mappings: passed, no W+X pages found.
Loading, please wait...
starting version 237
[    1.133727] Fusion MPT base driver 3.04.20
[    1.135185] Copyright (c) 1999-2008 LSI Corporation
[    1.139037] e1000: Intel(R) PRO/1000 Network Driver - version 7.3.21-k8-NAPI
[    1.140411] e1000: Copyright (c) 1999-2006 Intel Corporation.
[    1.148930] Fusion MPT SPI Host driver 3.04.20
[    1.157775] AVX2 version of gcm_enc/dec engaged.
[    1.159450] AES CTR mode by8 optimization enabled
[    1.346727] input: ImExPS/2 Generic Explorer Mouse as /devices/platform/i8042/serio1/input/input4
[    1.543871] e1000 0000:00:03.0 eth0: (PCI:33MHz:32-bit) 02:54:31:68:18:3c
[    1.545250] e1000 0000:00:03.0 eth0: Intel(R) PRO/1000 Network Connection
[    1.548275] e1000 0000:00:03.0 enp0s3: renamed from eth0
[    1.549849] mptbase: ioc0: Initiating bringup
[    1.645432] ioc0: LSI53C1030 A0: Capabilities={Initiator}
[    1.885807] scsi host2: ioc0: LSI53C1030 A0, FwRev=00000000h, Ports=1, MaxQ=256, IRQ=20
[    2.053750] scsi 2:0:0:0: Direct-Access     VBOX     HARDDISK         1.0  PQ: 0 ANSI: 5
[    2.184226] scsi target2:0:0: Beginning Domain Validation
[    2.187302] scsi target2:0:0: Domain Validation skipping write tests
[    2.188759] scsi target2:0:0: Ending Domain Validation
[    2.190153] scsi target2:0:0: asynchronous
[    2.191296] scsi 2:0:1:0: Direct-Access     VBOX     HARDDISK         1.0  PQ: 0 ANSI: 5
[    3.173070] scsi target2:0:1: Beginning Domain Validation
[    3.175136] random: fast init done
[    3.175945] scsi target2:0:1: Domain Validation skipping write tests
[    3.177251] scsi target2:0:1: Ending Domain Validation
[    3.178272] scsi target2:0:1: asynchronous
[    3.181524] random: systemd-udevd: uninitialized urandom read (16 bytes read)
[    3.181922] sd 2:0:0:0: [sda] 83886080 512-byte logical blocks: (42.9 GB/40.0 GiB)
[    3.185059] random: systemd-udevd: uninitialized urandom read (16 bytes read)
[    3.187814] sd 2:0:0:0: Attached scsi generic sg0 type 0
[    3.189018] random: systemd-udevd: uninitialized urandom read (16 bytes read)
[    3.191227] sd 2:0:0:0: [sda] Write Protect is off
[    3.192118] sd 2:0:0:0: [sda] Incomplete mode parameter data
[    3.193030] sd 2:0:0:0: [sda] Assuming drive cache: write through
[    3.194183] sd 2:0:1:0: Attached scsi generic sg1 type 0
[    3.195605] sd 2:0:1:0: [sdb] 20480 512-byte logical blocks: (10.5 MB/10.0 MiB)
[    3.197189]  sda: sda1
[    3.199962] sd 2:0:1:0: [sdb] Write Protect is off
[    3.201223] sd 2:0:1:0: [sdb] Incomplete mode parameter data
[    3.201877] sd 2:0:0:0: [sda] Attached SCSI disk
[    3.202709] sd 2:0:1:0: [sdb] Assuming drive cache: write through
[    3.206198] sd 2:0:1:0: [sdb] Attached SCSI disk
Begin: Loading essential drivers ... [    4.572226] raid6: sse2x1   gen() 14215 MB/s
[    4.620226] raid6: sse2x1   xor()  8245 MB/s
[    4.668268] raid6: sse2x2   gen() 17400 MB/s
[    4.716018] raid6: sse2x2   xor() 11501 MB/s
[    4.764034] raid6: sse2x4   gen() 18418 MB/s
[    4.812544] raid6: sse2x4   xor() 10984 MB/s
[    4.860259] raid6: avx2x1   gen() 28800 MB/s
[    4.908310] raid6: avx2x1   xor() 16643 MB/s
[    4.956212] raid6: avx2x2   gen() 33156 MB/s
[    5.004261] raid6: avx2x2   xor() 21762 MB/s
[    5.052255] raid6: avx2x4   gen() 37185 MB/s
[    5.100301] raid6: avx2x4   xor() 22036 MB/s
[    5.101282] raid6: using algorithm avx2x4 gen() 37185 MB/s
[    5.102247] raid6: .... xor() 22036 MB/s, rmw enabled
[    5.103183] raid6: using avx2x2 recovery algorithm
[    5.105000] xor: automatically using best checksumming function   avx       
[    5.107207] async_tx: api initialized (async)
done.
Begin: Running /scripts/init-premount ... done.
Begin: Mounting root file system ... Begin: Running /scripts/local-top ... done.
Begin: Running /scripts/local-premount ... [    5.139526] Btrfs loaded, crc32c=crc32c-intel
Scanning for Btrfs filesystems
done.
Warning: fsck not present, so skipping root file system
[    5.160981] EXT4-fs (sda1): mounted filesystem with ordered data mode. Opts: (null)
done.
Begin: Running /scripts/local-bottom ... done.
Begin: Running /scripts/init-bottom ... done.
[    5.308564] ip_tables: (C) 2000-2006 Netfilter Core Team
[    5.316530] systemd[1]: systemd 237 running in system mode. (+PAM +AUDIT +SELINUX +IMA +APPARMOR +SMACK +SYSVINIT +UTMP +LIBCRYPTSETUP +GCRYPT +GNUTLS +ACL +XZ +LZ4 +SECCOMP +BLKID +ELFUTILS +KMOD -IDN2 +IDN -PCRE2 default-hierarchy=hybrid)
[    5.320273] systemd[1]: Detected virtualization oracle.
[    5.321222] systemd[1]: Detected architecture x86-64.

Welcome to [1mUbuntu 18.04.5 LTS[0m!

[    5.337389] systemd[1]: Set hostname to <ubuntu-bionic>.
[    5.535981] systemd[1]: Reached target System Time Synchronized.
[[0;32m  OK  [0m] Reached target System Time Synchronized.
[    5.539466] systemd[1]: Created slice User and Session Slice.
[[0;32m  OK  [0m] Created slice User and Session Slice.
[    5.541315] systemd[1]: Reached target Swap.
[[0;32m  OK  [0m] Reached target Swap.
[    5.542879] systemd[1]: Created slice System Slice.
[[0;32m  OK  [0m] Created slice System Slice.
[    5.544448] systemd[1]: Listening on LVM2 metadata daemon socket.
[[0;32m  OK  [0m] Listening on LVM2 metadata daemon socket.
[    5.546308] systemd[1]: Listening on udev Kernel Socket.
[[0;32m  OK  [0m] Listening on udev Kernel Socket.
[[0;32m  OK  [0m] Listening on Journal Audit Socket.
[[0;32m  OK  [0m] Listening on udev Control Socket.
[[0;32m  OK  [0m] Listening on /dev/initctl Compatibility Named Pipe.
[[0;32m  OK  [0m] Created slice system-serial\x2dgetty.slice.
[[0;32m  OK  [0m] Reached target Slices.
[[0;32m  OK  [0m] Listening on Journal Socket (/dev/log).
[[0;32m  OK  [0m] Listening on Network Service Netlink Socket.
[[0;32m  OK  [0m] Listening on Syslog Socket.
[[0;32m  OK  [0m] Started Forward Password Requests to Wall Directory Watch.
[[0;32m  OK  [0m] Set up automount Arbitrary Executabâ€¦rmats File System Automount Point.
[[0;32m  OK  [0m] Listening on Device-mapper event daemon FIFOs.
[[0;32m  OK  [0m] Listening on Journal Socket.
         Starting Uncomplicated firewall...
         Starting Load Kernel Modules...
         Starting Create list of required stâ€¦ce nodes for the current kernel...
         Starting Journal Service...
         Starting Remount Root and Kernel File Systems...
         Mounting POSIX Message Queue File System...
         Starting Set the console keyboard layout...
         Mounting Kernel Debug File System...
         Starting udev Coldplug all Devices...
[    5.690081] Loading iSCSI transport class v2.0-870.
[    5.696963] iscsi: registered transport (tcp)
         Starting Monitoring of LVM2 mirrorsâ€¦ng dmeventd or progress polling...
         Mounting Huge Pages File System...
[    5.762122] EXT4-fs (sda1): re-mounted. Opts: (null)
[[0;32m  OK  [0m] Listening on LVM2 poll daemon socket.
[[0;32m  OK  [0m] Reached target User and Group Name Lookups.
[[0;32m  OK  [0m] Started Journal Service.
[[0;32m  OK  [0m] Started Uncomplicated firewall.
[[0;32m  OK  [0m] Started Create list of required staâ€¦vice nodes for the current kernel.
[[0;32m  OK  [0m] Started Remount Root and Kernel File Systems.
[[0;32m  OK  [0m] Mounted POSIX Message Queue File System.
[    5.805359] iscsi: registered transport (iser)
[[0;32m  OK  [0m] Started Load Kernel Modules.
[[0;32m  OK  [0m] Mounted Kernel Debug File System.
[[0;32m  OK  [0m] Mounted Huge Pages File System.
[[0;32m  OK  [0m] Started LVM2 metadata daemon.
         Mounting FUSE Control File System...
         Mounting Kernel Configuration File System...
         Starting Apply Kernel Variables...
         Starting Load/Save Random Seed...
         Starting Create Static Device Nodes in /dev...
         Starting Flush Journal to Persistent Storage...
[[0;32m  OK  [0m] Started Monitoring of LVM2 mirrors,â€¦sing dmeventd or progress polling.
[[0;32m  OK  [0m] Started udev Coldplug all Devices.
[[0;32m  OK  [0m] Mounted FUSE Control File System.
[[0;32m  OK  [0m] Mounted Kernel Configuration File System.
[[0;32m  OK  [0m] Started Load/Save Random Seed.
[[0;32m  OK  [0m] Started Create Static Device Nodes in /dev.
         Starting udev Kernel Device Manager...
[[0;32m  OK  [0m] Started Apply Kernel Variables.
[[0;32m  OK  [0m] Started Set the console keyboard layout.
[[0;32m  OK  [0m] Reached target Local File Systems (Pre).
[[0;32m  OK  [0m] Reached target Local File Systems.
         Starting ebtables ruleset management...
         Starting Tell Plymouth To Write Out Runtime Data...
         Starting Set console font and keymap...
         Starting AppArmor initialization...
         Mounting /vagrant...
[[0;32m  OK  [0m] Started Tell Plymouth To Write Out Runtime Data.
[[0;32m  OK  [0m] Started Set console font and keymap.
[[0;32m  OK  [0m] Started udev Kernel Device Manager.
[[0;32m  OK  [0m] Started Dispatch Password Requests to Console Directory Watch.
[[0;32m  OK  [0m] Reached target Local Encrypted Volumes.
[[0;32m  OK  [0m] Mounted /vagrant.
[[0;32m  OK  [0m] Started Flush Journal to Persistent Storage.
         Starting Create Volatile Files and Directories...
[[0;32m  OK  [0m] Started Create Volatile Files and Directories.
         Starting Update UTMP about System Boot/Shutdown...
[[0;32m  OK  [0m] Started Update UTMP about System Boot/Shutdown.
[[0;32m  OK  [0m] Started ebtables ruleset management.
[[0;32m  OK  [0m] Found device /dev/ttyS0.
[[0;32m  OK  [0m] Started AppArmor initialization.
         Starting Load AppArmor profiles managed internally by snapd...
         Starting Initial cloud-init job (pre-networking)...
[[0;32m  OK  [0m] Started Load AppArmor profiles managed internally by snapd.
[[0;32m  OK  [0m] Listening on Load/Save RF Kill Switch Status /dev/rfkill Watch.
[    7.873462] cloud-init[561]: Cloud-init v. 20.4.1-0ubuntu1~18.04.1 running 'init-local' at Mon, 15 Feb 2021 22:44:48 +0000. Up 7.73 seconds.
[[0;32m  OK  [0m] Started Initial cloud-init job (pre-networking).
[[0;32m  OK  [0m] Reached target Network (Pre).
         Starting Network Service...
[[0;32m  OK  [0m] Started Network Service.
         Starting Wait for Network to be Configured...
         Starting Network Name Resolution...
[[0;32m  OK  [0m] Started Network Name Resolution.
[[0;32m  OK  [0m] Reached target Host and Network Name Lookups.
[[0;32m  OK  [0m] Started Wait for Network to be Configured.
         Starting Initial cloud-init job (metadata service crawler)...
[    9.629298] cloud-init[686]: Cloud-init v. 20.4.1-0ubuntu1~18.04.1 running 'init' at Mon, 15 Feb 2021 22:44:50 +0000. Up 9.52 seconds.
[    9.640126] cloud-init[686]: ci-info: ++++++++++++++++++++++++++++++++++++++Net device info++++++++++++++++++++++++++++++++++++++
[    9.652161] cloud-init[686]: ci-info: +--------+------+----------------------------+---------------+--------+-------------------+
[    9.653947] cloud-init[686]: ci-info: | Device |  Up  |          Address           |      Mask     | Scope  |     Hw-Address    |
[    9.655888] cloud-init[686]: ci-info: +--------+------+----------------------------+---------------+--------+-------------------+
[    9.668281] cloud-init[686]: ci-info: | enp0s3 | True |         10.0.2.15          | 255.255.255.0 | global | 02:54:31:68:18:3c |
[    9.670001] cloud-init[686]: ci-info: | enp0s3 | True | fe80::54:31ff:fe68:183c/64 |       .       |  link  | 02:54:31:68:18:3c |
[    9.671677] cloud-init[686]: ci-info: |   lo   | True |         127.0.0.1          |   255.0.0.0   |  host  |         .         |
[    9.684429] cloud-init[686]: ci-info: |   lo   | True |          ::1/128           |       .       |  host  |         .         |
[    9.687048] cloud-init[686]: ci-info: +--------+------+----------------------------+---------------+--------+-------------------+
[    9.689557] cloud-init[686]: ci-info: ++++++++++++++++++++++++++++Route IPv4 info+++++++++++++++++++++++++++++
[    9.691554] cloud-init[686]: ci-info: +-------+-------------+----------+-----------------+-----------+-------+
[    9.694561] cloud-init[686]: ci-info: | Route | Destination | Gateway  |     Genmask     | Interface | Flags |
[    9.696393] cloud-init[686]: ci-info: +-------+-------------+----------+-----------------+-----------+-------+
[    9.698264] cloud-init[686]: ci-info: |   0   |   0.0.0.0   | 10.0.2.2 |     0.0.0.0     |   enp0s3  |   UG  |
[    9.700415] cloud-init[686]: ci-info: |   1   |   10.0.2.0  | 0.0.0.0  |  255.255.255.0  |   enp0s3  |   U   |
[    9.702885] cloud-init[686]: ci-info: |   2   |   10.0.2.2  | 0.0.0.0  | 255.255.255.255 |   enp0s3  |   UH  |
[    9.704930] cloud-init[686]: ci-info: +-------+-------------+----------+-----------------+-----------+-------+
[    9.707152] cloud-init[686]: ci-info: +++++++++++++++++++Route IPv6 info+++++++++++++++++++
[    9.720193] cloud-init[686]: ci-info: +-------+-------------+---------+-----------+-------+
[    9.721663] cloud-init[686]: ci-info: | Route | Destination | Gateway | Interface | Flags |
[    9.723914] cloud-init[686]: ci-info: +-------+-------------+---------+-----------+-------+
[    9.725649] cloud-init[686]: ci-info: |   1   |  fe80::/64  |    ::   |   enp0s3  |   U   |
[    9.727620] cloud-init[686]: ci-info: |   3   |    local    |    ::   |   enp0s3  |   U   |
[    9.730434] cloud-init[686]: ci-info: |   4   |   ff00::/8  |    ::   |   enp0s3  |   U   |
[    9.733463] cloud-init[686]: ci-info: +-------+-------------+---------+-----------+-------+
[[0;32m  OK  [0m] Started Initial cloud-init job (metadata service crawler).
[[0;32m  OK  [0m] Reached target System Initialization.
[[0;32m  OK  [0m] Started Message of the Day.
[[0;32m  OK  [0m] Started Discard unused blocks once a week.
         Starting LXD - unix socket.
[[0;32m  OK  [0m] Listening on D-Bus System Message Bus Socket.
[[0;32m  OK  [0m] Listening on Open-iSCSI iscsid Socket.
[[0;32m  OK  [0m] Started Daily Cleanup of Temporary Directories.
[[0;32m  OK  [0m] Listening on ACPID Listen Socket.
         Starting Socket activation for snappy daemon.
[[0;32m  OK  [0m] Started ACPI Events Check.
[[0;32m  OK  [0m] Reached target Paths.
[[0;32m  OK  [0m] Listening on UUID daemon activation socket.
[[0;32m  OK  [0m] Started Daily apt download activities.
[[0;32m  OK  [0m] Started Daily apt upgrade and clean activities.
[[0;32m  OK  [0m] Reached target Timers.
[[0;32m  OK  [0m] Reached target Cloud-config availability.
[[0;32m  OK  [0m] Listening on LXD - unix socket.
[[0;32m  OK  [0m] Listening on Socket activation for snappy daemon.
[[0;32m  OK  [0m] Reached target Sockets.
[[0;32m  OK  [0m] Reached target Basic System.
[[0;32m  OK  [0m] Started Regular background program processing daemon.
         Starting Accounts Service...
         Starting System Logging Service...
         Starting LSB: Record successful boot for GRUB...
[[0;32m  OK  [0m] Started FUSE filesystem for LXC.
         Starting Dispatcher daemon for systemd-networkd...
         Starting Snap Daemon...
[[0;32m  OK  [0m] Started irqbalance daemon.
         Starting Login Service...
         Starting Virtualbox guest utils...
[[0;32m  OK  [0m] Started D-Bus System Message Bus.
         Starting Open vSwitch Database Unit...
[[0;32m  OK  [0m] Started Deferred execution scheduler.
         Starting LXD - container startup/shutdown...
[[0;32m  OK  [0m] Started System Logging Service.
[[0;32m  OK  [0m] Started Login Service.
         Starting Authorization Manager...
[[0;32m  OK  [0m] Started Authorization Manager.
[[0;32m  OK  [0m] Started Accounts Service.
[[0;32m  OK  [0m] Started Virtualbox guest utils.
[[0;32m  OK  [0m] Started Dispatcher daemon for systemd-networkd.
[[0;32m  OK  [0m] Started LSB: Record successful boot for GRUB.
[[0;32m  OK  [0m] Started LXD - container startup/shutdown.
[[0;32m  OK  [0m] Started Open vSwitch Database Unit.
         Starting Open vSwitch Forwarding Unit...
[[0;32m  OK  [0m] Started Open vSwitch Forwarding Unit.
         Starting Open vSwitch...
[[0;32m  OK  [0m] Started Open vSwitch.
[[0;32m  OK  [0m] Reached target Network.
[[0;32m  OK  [0m] Started Unattended Upgrades Shutdown.
[[0;32m  OK  [0m] Reached target Network is Online.
         Starting Availability of block devices...
[[0;32m  OK  [0m] Reached target Remote File Systems (Pre).
[[0;32m  OK  [0m] Reached target Remote File Systems.
         Starting LSB: automatic crash report generation...
         Starting OpenBSD Secure Shell server...
         Starting Permit User Sessions...
[[0;32m  OK  [0m] Started Snap Daemon.
[[0;32m  OK  [0m] Started Availability of block devices.
         Starting Wait until snapd is fully seeded...
[[0;32m  OK  [0m] Started Permit User Sessions.
[[0;32m  OK  [0m] Started OpenBSD Secure Shell server.
         Starting Hold until boot process finishes up...
         Starting Terminate Plymouth Boot Screen...
[[0;32m  OK  [0m] Started Hold until boot process finishes up.
         Starting Set console scheme...
[[0;32m  OK  [0m] Started Serial Getty on ttyS0.
[[0;32m  OK  [0m] Started Terminate Plymouth Boot Screen.
[[0;32m  OK  [0m] Started LSB: automatic crash report generation.
[[0;32m  OK  [0m] Started Set console scheme.
[[0;32m  OK  [0m] Created slice system-getty.slice.
[[0;32m  OK  [0m] Started Getty on tty1.
[[0;32m  OK  [0m] Reached target Login Prompts.
[[0;32m  OK  [0m] Started Wait until snapd is fully seeded.
         Starting Apply the settings specified in cloud-config...
[[0;32m  OK  [0m] Reached target Multi-User System.
[[0;32m  OK  [0m] Reached target Graphical Interface.
         Starting Update UTMP about System Runlevel Changes...
[[0;32m  OK  [0m] Started Update UTMP about System Runlevel Changes.
[   11.206486] cloud-init[1231]: Cloud-init v. 20.4.1-0ubuntu1~18.04.1 running 'modules:config' at Mon, 15 Feb 2021 22:44:52 +0000. Up 11.13 seconds.
[[0;32m  OK  [0m] Started Apply the settings specified in cloud-config.
         Starting Execute cloud user/final scripts...
[   11.573209] cloud-init[1266]: Cloud-init v. 20.4.1-0ubuntu1~18.04.1 running 'modules:final' at Mon, 15 Feb 2021 22:44:52 +0000. Up 11.49 seconds.
[   11.584422] cloud-init[1266]: Cloud-init v. 20.4.1-0ubuntu1~18.04.1 finished at Mon, 15 Feb 2021 22:44:52 +0000. Datasource DataSourceNoCloud [seed=/dev/sdb][dsmode=net].  Up 11.56 seconds
[[0;32m  OK  [0m] Started Execute cloud user/final scripts.
[[0;32m  OK  [0m] Reached target Cloud-init target.

Ubuntu 18.04.5 LTS ubuntu-bionic ttyS0

ubuntu-bionic login: 